
> atoz-print@0.1.0 build
> next build

  Γû▓ Next.js 14.2.16
  - Environments: .env.local

   Creating an optimized production build ...
 Γ£ô Compiled successfully
   Linting and checking validity of types ...
   Collecting page data ...
   Generating static pages (0/29) ...
node.exe :  ΓÜá metadataBase 
property in metadata export 
is not set for resolving 
social open graph or twitter 
images, using 
"http://localhost:3000". See 
https://nextjs.org/docs/app/a
pi-reference/functions/genera
te-metadata#metadatabase
At line:1 char:1
+ & "C:\Program 
Files\nodejs/node.exe" 
"C:\Program 
Files\nodejs/node_mo ...
+ ~~~~~~~~~~~~~~~~~~~~~~~~~~~
~~~~~~~~~~~~~~~~~~~~~~~~~~~~~
~~~~~~~~~~~~~
    + CategoryInfo           
   : NotSpecifi    ed: ( ΓÜá 
metadata    
Ba...ta#metadataba    
se:String) [], Rem    
oteException
    + FullyQualifiedEr    
rorId : NativeComm    
andError
 
 ΓÜá metadataBase property 
in metadata export is not 
set for resolving social 
open graph or twitter 
images, using 
"http://localhost:3000". See 
https://nextjs.org/docs/app/a
pi-reference/functions/genera
te-metadata#metadatabase
 ΓÜá metadataBase property 
in metadata export is not 
set for resolving social 
open graph or twitter 
images, using 
"http://localhost:3000". See 
https://nextjs.org/docs/app/a
pi-reference/functions/genera
te-metadata#metadatabase
 ΓÜá metadataBase property 
in metadata export is not 
set for resolving social 
open graph or twitter 
images, using 
"http://localhost:3000". See 
https://nextjs.org/docs/app/a
pi-reference/functions/genera
te-metadata#metadatabase
 ΓÜá metadataBase property 
in metadata export is not 
set for resolving social 
open graph or twitter 
images, using 
"http://localhost:3000". See 
https://nextjs.org/docs/app/a
pi-reference/functions/genera
te-metadata#metadatabase
 ΓÜá metadataBase property 
in metadata export is not 
set for resolving social 
open graph or twitter 
images, using 
"http://localhost:3000". See 
https://nextjs.org/docs/app/a
pi-reference/functions/genera
te-metadata#metadatabase
 ΓÜá metadataBase property 
in metadata export is not 
set for resolving social 
open graph or twitter 
images, using 
"http://localhost:3000". See 
https://nextjs.org/docs/app/a
pi-reference/functions/genera
te-metadata#metadatabase
 Γ¿» useSearchParams() 
should be wrapped in a 
suspense boundary at page 
"/products". Read more: https
://nextjs.org/docs/messages/m
issing-suspense-with-csr-bail
out
    at i (D:\A to Z prints\.n
ext\server\chunks\410.js:41:2
4123)
    at c (D:\A to Z prints\.n
ext\server\chunks\410.js:41:3
5063)
    at x (D:\A to Z prints\.n
ext\server\app\(public)\produ
cts\page.js:1:2336)
    at nj (D:\A to Z prints\n
ode_modules\next\dist\compile
d\next-server\app-page.runtim
e.prod.js:12:46251)
    at nM (D:\A to Z prints\n
ode_modules\next\dist\compile
d\next-server\app-page.runtim
e.prod.js:12:47571)
    at nN (D:\A to Z prints\n
ode_modules\next\dist\compile
d\next-server\app-page.runtim
e.prod.js:12:64546)
    at nI (D:\A to Z prints\n
ode_modules\next\dist\compile
d\next-server\app-page.runtim
e.prod.js:12:47010)
    at nM (D:\A to Z prints\n
ode_modules\next\dist\compile
d\next-server\app-page.runtim
e.prod.js:12:47717)
    at nM (D:\A to Z prints\n
ode_modules\next\dist\compile
d\next-server\app-page.runtim
e.prod.js:12:61546)
    at nN (D:\A to Z prints\n
ode_modules\next\dist\compile
d\next-server\app-page.runtim
e.prod.js:12:64546)

Error occurred prerendering 
page "/products". Read more: 
https://nextjs.org/docs/messa
ges/prerender-error

 ΓÜá metadataBase property 
in metadata export is not 
set for resolving social 
open graph or twitter 
images, using 
"http://localhost:3000". See 
https://nextjs.org/docs/app/a
pi-reference/functions/genera
te-metadata#metadatabase
 ΓÜá metadataBase property 
in metadata export is not 
set for resolving social 
open graph or twitter 
images, using 
"http://localhost:3000". See 
https://nextjs.org/docs/app/a
pi-reference/functions/genera
te-metadata#metadatabase
 ΓÜá metadataBase property 
in metadata export is not 
set for resolving social 
open graph or twitter 
images, using 
"http://localhost:3000". See 
https://nextjs.org/docs/app/a
pi-reference/functions/genera
te-metadata#metadatabase
 ΓÜá metadataBase property 
in metadata export is not 
set for resolving social 
open graph or twitter 
images, using 
"http://localhost:3000". See 
https://nextjs.org/docs/app/a
pi-reference/functions/genera
te-metadata#metadatabase
   Generating static pages (7/29) 
   Generating static pages (14/29) 
   Generating static pages (21/29) 
 Γ£ô Generating static pages (29/29)

> Export encountered errors 
on following paths:
	/(public)/products/page: 
/products
