
> atoz-print@0.1.0 build
> next build

  Γû▓ Next.js 14.2.16
  - Environments: .env.local

   Creating an optimized production build ...
 Γ£ô Compiled successfully
   Linting and checking validity of types ...
node.exe : 
At line:1 char:1
+ & "C:\Program Files\nodejs/node.exe" "C:\Program Files\nodejs/node_mo ...
+ ~~~~~~~~~~~~~~~~~~~~~~~~~~~~~~~~~~~~~~~~~~~~~~~~~~~~~~~~~~~~~~~~~~~~~
    + CategoryInfo          : NotSpecified: (:String) [], RemoteException
    + FullyQualifiedErrorId : NativeCommandError
 
Failed to compile.

./src/app/admin/analytics/abandoned/page.tsx
142:34  Warning: Using `<img>` could result in slower LCP and higher bandwidth. Consider using `<Image />` from 
`next/image` to automatically optimize images. This may incur additional usage or cost from your provider. See: 
https://nextjs.org/docs/messages/no-img-element  @next/next/no-img-element

./src/app/admin/blogs/page.tsx
38:6  Warning: React Hook useEffect has a missing dependency: 'fetchBlogs'. Either include it or remove the dependency 
array.  react-hooks/exhaustive-deps

./src/app/admin/blogs/[id]/edit/page.tsx
20:6  Warning: React Hook useEffect has a missing dependency: 'fetchBlog'. Either include it or remove the dependency 
array.  react-hooks/exhaustive-deps

./src/app/admin/categories/page.tsx
333:30  Warning: Using `<img>` could result in slower LCP and higher bandwidth. Consider using `<Image />` from 
`next/image` to automatically optimize images. This may incur additional usage or cost from your provider. See: 
https://nextjs.org/docs/messages/no-img-element  @next/next/no-img-element
333:30  Warning: img elements must have an alt prop, either with meaningful text, or an empty string for decorative 
images.  jsx-a11y/alt-text

./src/app/admin/cms/CmsClient.tsx
280:30  Warning: Using `<img>` could result in slower LCP and higher bandwidth. Consider using `<Image />` from 
`next/image` to automatically optimize images. This may incur additional usage or cost from your provider. See: 
https://nextjs.org/docs/messages/no-img-element  @next/next/no-img-element
378:36  Warning: Using `<img>` could result in slower LCP and higher bandwidth. Consider using `<Image />` from 
`next/image` to automatically optimize images. This may incur additional usage or cost from your provider. See: 
https://nextjs.org/docs/messages/no-img-element  @next/next/no-img-element
378:36  Warning: img elements must have an alt prop, either with meaningful text, or an empty string for decorative 
images.  jsx-a11y/alt-text

./src/app/admin/orders/[id]/page.tsx
230:20  Warning: Using `<img>` could result in slower LCP and higher bandwidth. Consider using `<Image />` from 
`next/image` to automatically optimize images. This may incur additional usage or cost from your provider. See: 
https://nextjs.org/docs/messages/no-img-element  @next/next/no-img-element
277:22  Warning: Using `<img>` could result in slower LCP and higher bandwidth. Consider using `<Image />` from 
`next/image` to automatically optimize images. This may incur additional usage or cost from your provider. See: 
https://nextjs.org/docs/messages/no-img-element  @next/next/no-img-element

./src/app/admin/products/add/page.tsx
517:45  Warning: Using `<img>` could result in slower LCP and higher bandwidth. Consider using `<Image />` from 
`next/image` to automatically optimize images. This may incur additional usage or cost from your provider. See: 
https://nextjs.org/docs/messages/no-img-element  @next/next/no-img-element
562:27  Warning: Using `<img>` could result in slower LCP and higher bandwidth. Consider using `<Image />` from 
`next/image` to automatically optimize images. This may incur additional usage or cost from your provider. See: 
https://nextjs.org/docs/messages/no-img-element  @next/next/no-img-element

./src/app/admin/products/edit/[slug]/page.tsx
556:155  Error: `"` can be escaped with `&quot;`, `&ldquo;`, `&#34;`, `&rdquo;`.  react/no-unescaped-entities
556:166  Error: `"` can be escaped with `&quot;`, `&ldquo;`, `&#34;`, `&rdquo;`.  react/no-unescaped-entities
556:169  Error: `"` can be escaped with `&quot;`, `&ldquo;`, `&#34;`, `&rdquo;`.  react/no-unescaped-entities
556:185  Error: `"` can be escaped with `&quot;`, `&ldquo;`, `&#34;`, `&rdquo;`.  react/no-unescaped-entities
619:45  Warning: Using `<img>` could result in slower LCP and higher bandwidth. Consider using `<Image />` from 
`next/image` to automatically optimize images. This may incur additional usage or cost from your provider. See: 
https://nextjs.org/docs/messages/no-img-element  @next/next/no-img-element
678:27  Warning: Using `<img>` could result in slower LCP and higher bandwidth. Consider using `<Image />` from 
`next/image` to automatically optimize images. This may incur additional usage or cost from your provider. See: 
https://nextjs.org/docs/messages/no-img-element  @next/next/no-img-element

./src/components/admin/DesignAreaSelector.tsx
113:15  Warning: Using `<img>` could result in slower LCP and higher bandwidth. Consider using `<Image />` from 
`next/image` to automatically optimize images. This may incur additional usage or cost from your provider. See: 
https://nextjs.org/docs/messages/no-img-element  @next/next/no-img-element

./src/components/admin/TemplateFieldMapper.tsx
59:6  Warning: React Hook useEffect has a missing dependency: 'mappings'. Either include it or remove the dependency 
array.  react-hooks/exhaustive-deps
120:6  Warning: React Hook useEffect has missing dependencies: 'canvasSize.h' and 'canvasSize.w'. Either include them 
or remove the dependency array. You can also replace multiple useState variables with useReducer if 'setMappings' 
needs the current value of 'canvasSize.w'.  react-hooks/exhaustive-deps
269:18  Warning: Using `<img>` could result in slower LCP and higher bandwidth. Consider using `<Image />` from 
`next/image` to automatically optimize images. This may incur additional usage or cost from your provider. See: 
https://nextjs.org/docs/messages/no-img-element  @next/next/no-img-element

./src/components/analytics/MetaPixel.tsx
44:9  Warning: Using `<img>` could result in slower LCP and higher bandwidth. Consider using `<Image />` from 
`next/image` to automatically optimize images. This may incur additional usage or cost from your provider. See: 
https://nextjs.org/docs/messages/no-img-element  @next/next/no-img-element

./src/components/design/controls/tabs/AddTab.tsx
130:17  Warning: Using `<img>` could result in slower LCP and higher bandwidth. Consider using `<Image />` from 
`next/image` to automatically optimize images. This may incur additional usage or cost from your provider. See: 
https://nextjs.org/docs/messages/no-img-element  @next/next/no-img-element

./src/components/design/controls/tabs/StockTab.tsx
243:19  Warning: Using `<img>` could result in slower LCP and higher bandwidth. Consider using `<Image />` from 
`next/image` to automatically optimize images. This may incur additional usage or cost from your provider. See: 
https://nextjs.org/docs/messages/no-img-element  @next/next/no-img-element

./src/components/design/DesignerCanvas.tsx
272:6  Warning: React Hook useEffect has missing dependencies: 'BASE_HEIGHT', 'BASE_WIDTH', 'CENTER_X', 'CENTER_Y', 
'canvas', 'designArea', 'onHistoryChange', 'onObjectsUpdated', and 'saveHistory'. Either include them or remove the 
dependency array. If 'onObjectsUpdated' changes too often, find the parent component that defines it and wrap that 
definition in useCallback.  react-hooks/exhaustive-deps
290:6  Warning: React Hook useEffect has missing dependencies: 'BASE_HEIGHT' and 'BASE_WIDTH'. Either include them or 
remove the dependency array.  react-hooks/exhaustive-deps
370:6  Warning: React Hook useEffect has missing dependencies: 'BASE_HEIGHT', 'BASE_WIDTH', 'CENTER_X', 'CENTER_Y', 
and 'disableTinting'. Either include them or remove the dependency array.  react-hooks/exhaustive-deps
434:6  Warning: React Hook useEffect has missing dependencies: 'BASE_HEIGHT', 'BASE_WIDTH', 'CENTER_X', and 
'CENTER_Y'. Either include them or remove the dependency array.  react-hooks/exhaustive-deps
727:7  Warning: React Hook useImperativeHandle has missing dependencies: 'BASE_HEIGHT', 'BASE_WIDTH', 'CENTER_X', and 
'CENTER_Y'. Either include them or remove the dependency array.  react-hooks/exhaustive-deps

./src/components/design/layout/SidebarPanel.tsx
643:23  Warning: Using `<img>` could result in slower LCP and higher bandwidth. Consider using `<Image />` from 
`next/image` to automatically optimize images. This may incur additional usage or cost from your provider. See: 
https://nextjs.org/docs/messages/no-img-element  @next/next/no-img-element
712:17  Warning: Using `<img>` could result in slower LCP and higher bandwidth. Consider using `<Image />` from 
`next/image` to automatically optimize images. This may incur additional usage or cost from your provider. See: 
https://nextjs.org/docs/messages/no-img-element  @next/next/no-img-element
746:23  Warning: Using `<img>` could result in slower LCP and higher bandwidth. Consider using `<Image />` from 
`next/image` to automatically optimize images. This may incur additional usage or cost from your provider. See: 
https://nextjs.org/docs/messages/no-img-element  @next/next/no-img-element
1102:24  Warning: Using `<img>` could result in slower LCP and higher bandwidth. Consider using `<Image />` from 
`next/image` to automatically optimize images. This may incur additional usage or cost from your provider. See: 
https://nextjs.org/docs/messages/no-img-element  @next/next/no-img-element

./src/components/design/modes/TemplateFormDesigner.tsx
153:26  Warning: Using `<img>` could result in slower LCP and higher bandwidth. Consider using `<Image />` from 
`next/image` to automatically optimize images. This may incur additional usage or cost from your provider. See: 
https://nextjs.org/docs/messages/no-img-element  @next/next/no-img-element
191:49  Warning: Using `<img>` could result in slower LCP and higher bandwidth. Consider using `<Image />` from 
`next/image` to automatically optimize images. This may incur additional usage or cost from your provider. See: 
https://nextjs.org/docs/messages/no-img-element  @next/next/no-img-element
314:37  Warning: Using `<img>` could result in slower LCP and higher bandwidth. Consider using `<Image />` from 
`next/image` to automatically optimize images. This may incur additional usage or cost from your provider. See: 
https://nextjs.org/docs/messages/no-img-element  @next/next/no-img-element

./src/components/design/ThreeDPreview.tsx
83:6  Warning: React Hook useEffect has a missing dependency: 'rotateY'. Either include it or remove the dependency 
array.  react-hooks/exhaustive-deps

info  - Need to disable some ESLint rules? Learn more here: 
https://nextjs.org/docs/basic-features/eslint#disabling-rules
